03-29 00:42:22.837 23704-23704/? I/art: Late-enabling -Xcheck:jni
03-29 00:42:23.292 23704-23704/com.xyf.lockers I/InstantRun: starting instant run server: is main process
03-29 00:42:23.301 23704-23704/com.xyf.lockers E/CRAB: [main(1): null:-1] - crab init begin: 1553791343299
03-29 00:42:23.301 23704-23704/com.xyf.lockers I/CRAB: [main(1): null:-1] - CrabSDK.init from com.xyf.lockers with pid 23704
03-29 00:42:23.302 23704-23704/com.xyf.lockers I/CRAB: [main(1): null:-1] - Main process com.xyf.lockers.
03-29 00:42:23.319 23704-23704/com.xyf.lockers I/CRAB: [main(1): null:-1] - ===Anr init!===
03-29 00:42:23.319 23704-23704/com.xyf.lockers I/CRAB: [main(1): null:-1] - ===Anr watchThread start!===
03-29 00:42:23.322 23704-23730/com.xyf.lockers I/CRAB: [|AnrWatchThread|(193): null:-1] - AnrWatchThread start!
03-29 00:42:23.359 23704-23704/com.xyf.lockers E/CRAB: [main(1): null:-1] - crab init end: 1553791343359, cost: 60ms
03-29 00:42:23.377 23704-23704/com.xyf.lockers I/art: Rejecting re-init on previously-failed class java.lang.Class<com.tencent.bugly.beta.tinker.TinkerApplicationLike>
03-29 00:42:23.378 23704-23704/com.xyf.lockers I/art: Rejecting re-init on previously-failed class java.lang.Class<com.tencent.bugly.beta.tinker.TinkerApplicationLike>
03-29 00:42:23.393 23704-23704/com.xyf.lockers W/CrashReport: Bugly debug模式开启，请在发布时把isDebug关闭。 -- Running in debug model for 'isDebug' is enabled. Please disable it when you release.
03-29 00:42:23.393 23704-23704/com.xyf.lockers E/CrashReport: --------------------------------------------------------------------------------------------
03-29 00:42:23.393 23704-23704/com.xyf.lockers W/CrashReport: Bugly debug模式将有以下行为特性 -- The following list shows the behaviour of debug model: 
03-29 00:42:23.393 23704-23704/com.xyf.lockers W/CrashReport: [1] 输出详细的Bugly SDK的Log -- More detailed log of Bugly SDK will be output to logcat;
03-29 00:42:23.393 23704-23704/com.xyf.lockers W/CrashReport: [2] 每一条Crash都会被立即上报 -- Every crash caught by Bugly will be uploaded immediately.
03-29 00:42:23.393 23704-23704/com.xyf.lockers W/CrashReport: [3] 自定义日志将会在Logcat中输出 -- Custom log will be output to logcat.
03-29 00:42:23.393 23704-23704/com.xyf.lockers E/CrashReport: --------------------------------------------------------------------------------------------
03-29 00:42:23.393 23704-23704/com.xyf.lockers I/CrashReportInfo: [init] Open debug mode of Bugly.
03-29 00:42:23.393 23704-23704/com.xyf.lockers I/CrashReport: [init] Bugly version: v2.6.5
03-29 00:42:23.393 23704-23704/com.xyf.lockers I/CrashReport:  crash report start initializing...
03-29 00:42:23.393 23704-23704/com.xyf.lockers I/CrashReportInfo: [init] Bugly start initializing...
03-29 00:42:23.393 23704-23704/com.xyf.lockers I/CrashReport: [init] Bugly complete version: v2.6.5(1.3.7)
03-29 00:42:23.436 23704-23704/com.xyf.lockers I/CrashReport: [param] Set APP ID:d4d0ebc9af
03-29 00:42:23.443 23704-23704/com.xyf.lockers I/CrashReport: [session] launch app, new start
03-29 00:42:23.446 23704-23704/com.xyf.lockers I/CrashReport: Initializing crash module.
03-29 00:42:23.478 23704-23704/com.xyf.lockers I/CrashReport: backup java handler: com.baidu.crabsdk.sender.d@14efd89f
03-29 00:42:23.478 23704-23704/com.xyf.lockers I/CrashReport: registered java monitor: com.tencent.bugly.crashreport.crash.e@2819ddec
03-29 00:42:23.482 23704-23704/com.xyf.lockers I/CrashReport: user change native true
03-29 00:42:23.482 23704-23704/com.xyf.lockers I/CrashReport: native changed to true
03-29 00:42:23.482 23704-23704/com.xyf.lockers I/CrashReport: [Native] Trying to load so: Bugly
03-29 00:42:23.484 23704-23704/com.xyf.lockers I/CrashReport: [Native] Successfully loaded SO: Bugly
03-29 00:42:23.484 23704-23704/com.xyf.lockers I/CrashReport-Native: setLogMode 3 current 4
03-29 00:42:23.484 23704-23704/com.xyf.lockers I/CrashReport-Native: regist start
03-29 00:42:23.484 23704-23704/com.xyf.lockers I/CrashReport-Native: JARJNIVERSION:1
03-29 00:42:23.485 23704-23704/com.xyf.lockers I/CrashReport-Native: set signal stack
03-29 00:42:23.485 23704-23704/com.xyf.lockers I/CrashReport-Native: regist native handler
03-29 00:42:23.485 23704-23704/com.xyf.lockers I/CrashReport-Native: Create map list by maps file: /proc/23704/maps
03-29 00:42:23.482 23704-23704/com.xyf.lockers I/com.xyf.lockers: type=1400 audit(0.0:161): avc: denied { read } for name="anr" dev="mmcblk0p13" ino=242401 scontext=u:r:untrusted_app:s0 tcontext=u:object_r:anr_data_file:s0 tclass=dir permissive=1
03-29 00:42:23.495 23704-23704/com.xyf.lockers I/CrashReport: [Native] Native Crash Report enable.
03-29 00:42:23.495 23704-23704/com.xyf.lockers I/CrashReport: [Native] Info setting jni can be accessed.
03-29 00:42:23.495 23704-23704/com.xyf.lockers I/CrashReport: [Native] Extra jni can be accessed.
03-29 00:42:23.495 23704-23704/com.xyf.lockers I/CrashReport: [LogUtil] Whether can record user log into native: true
03-29 00:42:23.495 23704-23704/com.xyf.lockers I/CrashReport-Native: Set native info: app version(1.0)
03-29 00:42:23.495 23704-23704/com.xyf.lockers I/CrashReport-Native: Set native info: app package(com.xyf.lockers)
03-29 00:42:23.495 23704-23704/com.xyf.lockers I/CrashReport: anr changed to true
03-29 00:42:23.496 23704-23704/com.xyf.lockers I/CrashReport: start anr monitor!
03-29 00:42:23.505 23704-23739/com.xyf.lockers I/CrashReport: [BuglyBroadcastReceiver] Register broadcast receiver of Bugly.
03-29 00:42:23.511 23704-23704/com.xyf.lockers I/CrashReportInfo: [init] Bugly initialization finished.
03-29 00:42:23.512 23704-23704/com.xyf.lockers I/art: Rejecting re-init on previously-failed class java.lang.Class<org.greenrobot.greendao.database.DatabaseOpenHelper$EncryptedHelper>
03-29 00:42:23.512 23704-23704/com.xyf.lockers I/art: Rejecting re-init on previously-failed class java.lang.Class<org.greenrobot.greendao.database.DatabaseOpenHelper$EncryptedHelper>
03-29 00:42:23.512 23704-23704/com.xyf.lockers I/art: Rejecting re-init on previously-failed class java.lang.Class<org.greenrobot.greendao.database.DatabaseOpenHelper$EncryptedHelper>
03-29 00:42:23.512 23704-23704/com.xyf.lockers I/art: Rejecting re-init on previously-failed class java.lang.Class<org.greenrobot.greendao.database.DatabaseOpenHelper$EncryptedHelper>
03-29 00:42:23.512 23704-23704/com.xyf.lockers I/art: Rejecting re-init on previously-failed class java.lang.Class<org.greenrobot.greendao.database.DatabaseOpenHelper$EncryptedHelper>
03-29 00:42:23.513 23704-23704/com.xyf.lockers I/art: Rejecting re-init on previously-failed class java.lang.Class<org.greenrobot.greendao.database.DatabaseOpenHelper$EncryptedHelper>
03-29 00:42:23.513 23704-23704/com.xyf.lockers I/art: Rejecting re-init on previously-failed class java.lang.Class<org.greenrobot.greendao.database.DatabaseOpenHelper$EncryptedHelper>
03-29 00:42:23.513 23704-23704/com.xyf.lockers I/art: Rejecting re-init on previously-failed class java.lang.Class<org.greenrobot.greendao.database.DatabaseOpenHelper$EncryptedHelper>
03-29 00:42:23.514 23704-23704/com.xyf.lockers I/art: Rejecting re-init on previously-failed class java.lang.Class<org.greenrobot.greendao.database.DatabaseOpenHelper$EncryptedHelper>
03-29 00:42:23.514 23704-23704/com.xyf.lockers I/art: Rejecting re-init on previously-failed class java.lang.Class<org.greenrobot.greendao.database.DatabaseOpenHelper$EncryptedHelper>
03-29 00:42:23.514 23704-23704/com.xyf.lockers I/art: Rejecting re-init on previously-failed class java.lang.Class<org.greenrobot.greendao.database.DatabaseOpenHelper$EncryptedHelper>
03-29 00:42:23.568 23704-23738/com.xyf.lockers I/CrashReport: ROM ID: Android/rk3288/rk3288:5.1.1/LMY49F/server0310111719:userdebug/test-keys/fail
03-29 00:42:23.569 23704-23738/com.xyf.lockers I/CrashReport: SIM serial number: 00000000000000000000
03-29 00:42:23.569 23704-23738/com.xyf.lockers I/CrashReport: Hardware serial number: 3GKL26RZS3
03-29 00:42:23.586 23704-23738/com.xyf.lockers I/CrashReport: Is it a virtual machine? true
03-29 00:42:23.599 23704-23738/com.xyf.lockers I/CrashReport: Does it has hook frame? false
03-29 00:42:23.603 23704-23738/com.xyf.lockers I/CrashReport: [AppInfo] Beacon channel file path: channel.ini
03-29 00:42:23.603 23704-23738/com.xyf.lockers W/CrashReport: [AppInfo] Failed to get get beacon channel
03-29 00:42:23.606 23704-23738/com.xyf.lockers W/CrashReport: [AppInfo] Failed to read beacon channel from manifest.
03-29 00:42:23.607 23704-23738/com.xyf.lockers W/CrashReport: java.lang.NullPointerException: Attempt to invoke virtual method 'java.lang.Object android.os.Bundle.get(java.lang.String)' on a null object reference
        at com.tencent.bugly.crashreport.common.info.AppInfo.i(BUGLY:471)
        at com.tencent.bugly.crashreport.common.info.AppInfo.g(BUGLY:496)
        at com.tencent.bugly.crashreport.common.info.a.T(BUGLY:1074)
        at com.tencent.bugly.proguard.ah.a(BUGLY:295)
        at com.tencent.bugly.crashreport.biz.a.c(BUGLY:286)
        at com.tencent.bugly.crashreport.biz.a.a(BUGLY:35)
        at com.tencent.bugly.crashreport.biz.a$2.run(BUGLY:335)
        at java.util.concurrent.Executors$RunnableAdapter.call(Executors.java:422)
        at java.util.concurrent.FutureTask.run(FutureTask.java:237)
        at java.util.concurrent.ScheduledThreadPoolExecutor$ScheduledFutureTask.access$201(ScheduledThreadPoolExecutor.java:152)
        at java.util.concurrent.ScheduledThreadPoolExecutor$ScheduledFutureTask.run(ScheduledThreadPoolExecutor.java:265)
        at java.util.concurrent.ThreadPoolExecutor.runWorker(ThreadPoolExecutor.java:1112)
        at java.util.concurrent.ThreadPoolExecutor$Worker.run(ThreadPoolExecutor.java:587)
        at java.lang.Thread.run(Thread.java:818)
03-29 00:42:23.607 23704-23738/com.xyf.lockers I/CrashReport: Beacon channel 
03-29 00:42:23.636 23704-23738/com.xyf.lockers I/CrashReport: [UploadManager] Create and start a new thread to execute a task of initializing security context: BUGLY_ASYNC_UPLOAD
03-29 00:42:23.642 23704-23747/com.xyf.lockers I/CrashReport: [UploadManager] Create and start a new thread to execute a upload task: BUGLY_ASYNC_UPLOAD
03-29 00:42:23.723 23704-23704/com.xyf.lockers W/linker: libbaidu_license.so: unused DT entry: type 0x6ffffffe arg 0x2cb48
03-29 00:42:23.723 23704-23704/com.xyf.lockers W/linker: libbaidu_license.so: unused DT entry: type 0x6fffffff arg 0x3
03-29 00:42:23.726 23704-23704/com.xyf.lockers W/linker: libFaceSDK.so: unused DT entry: type 0x6ffffffe arg 0x223a0
03-29 00:42:23.726 23704-23704/com.xyf.lockers W/linker: libFaceSDK.so: unused DT entry: type 0x6fffffff arg 0x3
03-29 00:42:23.755 23704-23748/com.xyf.lockers I/CrashReport: [Upload] Success: userinfo
03-29 00:42:23.767 23704-23704/com.xyf.lockers I/CRAB: [main(1): null:-1] - MobclickAgent init success!
03-29 00:42:23.769 23704-23704/com.xyf.lockers I/CrashReport-Native: Set native info: isAppForeground(true)
03-29 00:42:23.769 23704-23704/com.xyf.lockers I/CrashReport: [session] launch app one times (app in background 1553791343 seconds and over 30 seconds)
03-29 00:42:23.769 23704-23704/com.xyf.lockers I/CrashReport: add a timer to upload hot start user info
03-29 00:42:23.771 23704-23732/com.xyf.lockers I/CRAB: [pool-1-thread-1(195): null:-1] - uid is UUID 245c919b-22bb-4dec-87ae-b44e2bd10528
03-29 00:42:23.773 23704-23732/com.xyf.lockers I/CRAB: [pool-1-thread-1(195): null:-1] - agent is {"batvn":"7.3.5","appkey":"xhp0k5Fv97eknBYjht7XYwI2","appvn":"1.0","apiType":"sync"}
03-29 00:42:23.780 23704-23704/com.xyf.lockers W/Atlas: Pointer 0x0, not in getPreloadedDrawables?
03-29 00:42:23.780 23704-23704/com.xyf.lockers W/Atlas: Pointer 0x0, not in getPreloadedDrawables?
03-29 00:42:23.803 23704-23755/com.xyf.lockers I/mali_so: [File] : hardware/arm/maliT760/driver/product/base/src/mali_base_kbase.c; [Line] : 780; [Func] : base_context_deal_with_version_affairs_rk_ext;
    arm_release_ver of this mali_so is 'r6p0-02rel0', rk_so_ver is '11@0', built at '16:20:19' for 3288w, on 'Aug  1 2016'.
03-29 00:42:23.803 23704-23755/com.xyf.lockers I/mali_so: [File] : hardware/arm/maliT760/driver/product/base/src/mali_base_kbase.c; [Line] : 807; [Func] : base_context_deal_with_version_affairs_rk_ext;
    mali_ver_property has been set to 'r6p0-02rel0-13-11@0', to return.
03-29 00:42:23.804 23704-23755/com.xyf.lockers I/OpenGLRenderer: Initialized EGL, version 1.4
03-29 00:42:23.992 23704-23732/com.xyf.lockers I/CRAB: [pool-1-thread-1(195): null:-1] - #### ^@^ sync ok!
03-29 00:42:24.238 23704-23767/com.xyf.lockers E/License-SDK: Load liantian ac succeed
03-29 00:42:24.254 23704-23767/com.xyf.lockers E/License-SDK: read_license_from_data
03-29 00:42:24.254 23704-23767/com.xyf.lockers E/License-SDK: open license file path idl-license.face-android
03-29 00:42:24.255 23704-23767/com.xyf.lockers E/License-SDK: readLine 6621FD4D27D1D16CE194427CD3ADD2241A5584E8617471CB43603EBEB1F1866D8A942585646E7C9891BDD213298766E04561175FDE5B31B42017BFCD6A59BA6C7157BC30B65BCE495FCDD08CCF7A2650558532C26C2F74514726A9CEEA948DB147AC4A859EC09A76C84F65C6097C6E7011AE4FF41BCD42873AF629992B9E55E60FAB56A72720D12F365FAD83AA8851A33C09372A54E64EA47BB0FF1CB2C303C94735593F17DE71C2FDBA904FD78048FC984B6B2C3200506730441982BAEBCD42A17AF41736D28814E550210AB89F51F71D6FAAB97ADC96AB647B31CDE2C740CD99CA0CE3783F8833F8757A4040794D6A795CC68794D00D1937C27A6240C13A8E
03-29 00:42:24.255 23704-23767/com.xyf.lockers E/License-SDK: readLine 7B0AA1DE5E902C96D2756DBA97EE1046622DB3D1DD1F44E92D430998F250A46D65F04D6E4AB6BFA06002022F45446640A35B92A11BCC786123BE9453B743208E834E263151FFA1E9DBA3BC62BD2DE50EB71252ABDF33E0FEDFF641AE5CBE52948D719E63C902700DF02BEDDBB98B918EECEBD8EB9839A73F02FC4FD6BAC1A01935E65F5CC37D19A1DCF461D35670BE0DC69179D0D54D62C1435FF134B85FA3BB4FC9468E47820AF5BB39B008DFA461E835DC54D1EAA0CA5AC0D95652DB1792D5ACBD54EBE11321C8BC4985684995BB7E24E01330AA0736A2644700F0BE04544A3DBC8163382E61A88BE197BC4E745CD4A6FACA914F892DFD4852AEB0E5CBF652
03-29 00:42:24.255 23704-23767/com.xyf.lockers E/License-SDK: write_license_content
03-29 00:42:24.256 23704-23767/com.xyf.lockers E/License-SDK: license file info =6621FD4D27D1D16CE194427CD3ADD2241A5584E8617471CB43603EBEB1F1866D8A942585646E7C9891BDD213298766E04561175FDE5B31B42017BFCD6A59BA6C7157BC30B65BCE495FCDD08CCF7A2650558532C26C2F74514726A9CEEA948DB147AC4A859EC09A76C84F65C6097C6E7011AE4FF41BCD42873AF629992B9E55E60FAB56A72720D12F365FAD83AA8851A33C09372A54E64EA47BB0FF1CB2C303C94735593F17DE71C2FDBA904FD78048FC984B6B2C3200506730441982BAEBCD42A17AF41736D28814E550210AB89F51F71D6FAAB97ADC96AB647B31CDE2C740CD99CA0CE3783F8833F8757A4040794D6A795CC68794D00D1937C27A6240C13A8E
03-29 00:42:24.256 23704-23767/com.xyf.lockers E/License-SDK: license file info =7B0AA1DE5E902C96D2756DBA97EE1046622DB3D1DD1F44E92D430998F250A46D65F04D6E4AB6BFA06002022F45446640A35B92A11BCC786123BE9453B743208E834E263151FFA1E9DBA3BC62BD2DE50EB71252ABDF33E0FEDFF641AE5CBE52948D719E63C902700DF02BEDDBB98B918EECEBD8EB9839A73F02FC4FD6BAC1A01935E65F5CC37D19A1DCF461D35670BE0DC69179D0D54D62C1435FF134B85FA3BB4FC9468E47820AF5BB39B008DFA461E835DC54D1EAA0CA5AC0D95652DB1792D5ACBD54EBE11321C8BC4985684995BB7E24E01330AA0736A2644700F0BE04544A3DBC8163382E61A88BE197BC4E745CD4A6FACA914F892DFD4852AEB0E5CBF652
03-29 00:42:25.631 23704-23704/com.xyf.lockers I/CrashReport-Native: Set native info: isAppForeground(false)
03-29 00:42:25.724 23704-23704/com.xyf.lockers I/CRAB: [main(1): null:-1] - MobclickAgent init success!
03-29 00:42:25.724 23704-23704/com.xyf.lockers I/CrashReport-Native: Set native info: isAppForeground(true)
03-29 00:42:25.757 23704-23767/com.xyf.lockers I/yangrui: init return
03-29 00:42:25.905 23704-23767/com.xyf.lockers I/yangrui: init return
03-29 00:42:25.927 23704-23767/com.xyf.lockers E/FaceDetect: FaceDetect initModel
03-29 00:42:26.915 23704-23767/com.xyf.lockers I/yangrui: init return
03-29 00:42:27.233 23704-23767/com.xyf.lockers E/bdface: FaceFeature initModel
03-29 00:42:27.298 23704-23767/com.xyf.lockers I/yangrui: init return
03-29 00:42:27.329 23704-23767/com.xyf.lockers I/yangrui: init return
03-29 00:42:27.353 23704-23767/com.xyf.lockers I/yangrui: init return
03-29 00:42:27.360 23704-23767/com.xyf.lockers E/bdface: FaceLive initModel
03-29 00:42:54.082 23704-23704/com.xyf.lockers I/CrashReport-Native: Set native info: isAppForeground(false)
03-29 00:42:54.132 23704-23704/com.xyf.lockers I/com.xyf.lockers: type=1400 audit(0.0:168): avc: denied { read } for name="ttyS3" dev="tmpfs" ino=2382 scontext=u:r:untrusted_app:s0 tcontext=u:object_r:serial_device:s0 tclass=chr_file permissive=1
03-29 00:42:54.132 23704-23704/com.xyf.lockers I/com.xyf.lockers: type=1400 audit(0.0:169): avc: denied { write } for name="ttyS3" dev="tmpfs" ino=2382 scontext=u:r:untrusted_app:s0 tcontext=u:object_r:serial_device:s0 tclass=chr_file permissive=1
03-29 00:42:54.132 23704-23704/com.xyf.lockers I/com.xyf.lockers: type=1400 audit(0.0:170): avc: denied { open } for path="/dev/ttyS3" dev="tmpfs" ino=2382 scontext=u:r:untrusted_app:s0 tcontext=u:object_r:serial_device:s0 tclass=chr_file permissive=1
03-29 00:42:54.132 23704-23704/com.xyf.lockers I/com.xyf.lockers: type=1400 audit(0.0:171): avc: denied { ioctl } for path="/dev/ttyS3" dev="tmpfs" ino=2382 ioctlcmd=5401 scontext=u:r:untrusted_app:s0 tcontext=u:object_r:serial_device:s0 tclass=chr_file permissive=1
03-29 00:42:54.149 23704-23704/com.xyf.lockers I/CRAB: [main(1): null:-1] - MobclickAgent init success!
03-29 00:42:54.150 23704-23704/com.xyf.lockers I/CrashReport-Native: Set native info: isAppForeground(true)
03-29 00:42:56.013 23704-23704/com.xyf.lockers I/ControlTestActivityNew: onViewClicked: btn_open_locker: circuitBoardSend: 1 lockerSend: FE lightSend: 0 sonsorSend: 0
03-29 00:42:56.533 23704-24079/com.xyf.lockers I/kilin: 串口收到未拼接之前数据: 6A 
03-29 00:42:56.584 23704-24079/com.xyf.lockers I/kilin: 串口收到未拼接之前数据: 01 FE 00 FF 6A 
03-29 00:42:56.586 23704-24079/com.xyf.lockers I/kilin: 串口拼接之后的数据: 6A 01 FE 00 FF 6A 
03-29 00:42:56.587 23704-24079/com.xyf.lockers I/LockersCommHelperNew: onDataReceived: ComRevBean{bRec=[106, 1, -2, 0, -1, 106], sRecTime='12:42:56', sComPort='/dev/ttyS3', length=6}
03-29 00:43:16.403 23704-23704/com.xyf.lockers I/ControlTestActivityNew: onViewClicked: btn_open_locker: circuitBoardSend: 1 lockerSend: FE lightSend: 0 sonsorSend: 0
03-29 00:43:16.569 23704-23704/com.xyf.lockers I/ControlTestActivityNew: onViewClicked: btn_open_locker: circuitBoardSend: 1 lockerSend: FE lightSend: 0 sonsorSend: 0
03-29 00:43:16.720 23704-23704/com.xyf.lockers I/ControlTestActivityNew: onViewClicked: btn_open_locker: circuitBoardSend: 1 lockerSend: FE lightSend: 0 sonsorSend: 0
03-29 00:43:16.853 23704-23704/com.xyf.lockers I/ControlTestActivityNew: onViewClicked: btn_open_locker: circuitBoardSend: 1 lockerSend: FE lightSend: 0 sonsorSend: 0
03-29 00:43:16.921 23704-24079/com.xyf.lockers I/kilin: 串口收到未拼接之前数据: 6A 
03-29 00:43:16.972 23704-24079/com.xyf.lockers I/kilin: 串口收到未拼接之前数据: 01 FE 00 FF 6A 
03-29 00:43:16.972 23704-24079/com.xyf.lockers I/kilin: 串口拼接之后的数据: 6A 01 FE 00 FF 6A 
03-29 00:43:16.972 23704-24079/com.xyf.lockers I/LockersCommHelperNew: onDataReceived: ComRevBean{bRec=[106, 1, -2, 0, -1, 106], sRecTime='12:43:16', sComPort='/dev/ttyS3', length=6}
03-29 00:43:16.989 23704-23704/com.xyf.lockers I/ControlTestActivityNew: onViewClicked: btn_open_locker: circuitBoardSend: 1 lockerSend: FE lightSend: 0 sonsorSend: 0
03-29 00:43:17.090 23704-23704/com.xyf.lockers I/ControlTestActivityNew: onViewClicked: btn_open_locker: circuitBoardSend: 1 lockerSend: FE lightSend: 0 sonsorSend: 0
03-29 00:43:17.207 23704-23704/com.xyf.lockers I/ControlTestActivityNew: onViewClicked: btn_open_locker: circuitBoardSend: 1 lockerSend: FE lightSend: 0 sonsorSend: 0
03-29 00:43:17.369 23704-23704/com.xyf.lockers I/ControlTestActivityNew: onViewClicked: btn_open_locker: circuitBoardSend: 1 lockerSend: FE lightSend: 0 sonsorSend: 0
03-29 00:43:17.480 23704-23704/com.xyf.lockers I/ControlTestActivityNew: onViewClicked: btn_open_locker: circuitBoardSend: 1 lockerSend: FE lightSend: 0 sonsorSend: 0
03-29 00:43:17.490 23704-24079/com.xyf.lockers I/kilin: 串口收到未拼接之前数据: 6A 
03-29 00:43:17.541 23704-24079/com.xyf.lockers I/kilin: 串口收到未拼接之前数据: 01 FE 00 FF 6A 
03-29 00:43:17.541 23704-24079/com.xyf.lockers I/kilin: 串口拼接之后的数据: 6A 01 FE 00 FF 6A 
03-29 00:43:17.541 23704-24079/com.xyf.lockers I/LockersCommHelperNew: onDataReceived: ComRevBean{bRec=[106, 1, -2, 0, -1, 106], sRecTime='12:43:17', sComPort='/dev/ttyS3', length=6}
03-29 00:43:17.676 23704-23704/com.xyf.lockers I/ControlTestActivityNew: onViewClicked: btn_open_locker: circuitBoardSend: 1 lockerSend: FE lightSend: 0 sonsorSend: 0
03-29 00:43:17.822 23704-23704/com.xyf.lockers I/ControlTestActivityNew: onViewClicked: btn_open_locker: circuitBoardSend: 1 lockerSend: FE lightSend: 0 sonsorSend: 0
03-29 00:43:17.959 23704-23704/com.xyf.lockers I/ControlTestActivityNew: onViewClicked: btn_open_locker: circuitBoardSend: 1 lockerSend: FE lightSend: 0 sonsorSend: 0
03-29 00:43:18.059 23704-24079/com.xyf.lockers I/kilin: 串口收到未拼接之前数据: 6A 
03-29 00:43:18.105 23704-23704/com.xyf.lockers I/ControlTestActivityNew: onViewClicked: btn_open_locker: circuitBoardSend: 1 lockerSend: FE lightSend: 0 sonsorSend: 0
03-29 00:43:18.110 23704-24079/com.xyf.lockers I/kilin: 串口收到未拼接之前数据: 01 FE 00 FF 6A 
03-29 00:43:18.110 23704-24079/com.xyf.lockers I/kilin: 串口拼接之后的数据: 6A 01 FE 00 FF 6A 
03-29 00:43:18.110 23704-24079/com.xyf.lockers I/LockersCommHelperNew: onDataReceived: ComRevBean{bRec=[106, 1, -2, 0, -1, 106], sRecTime='12:43:18', sComPort='/dev/ttyS3', length=6}
03-29 00:43:18.216 23704-23704/com.xyf.lockers I/ControlTestActivityNew: onViewClicked: btn_open_locker: circuitBoardSend: 1 lockerSend: FE lightSend: 0 sonsorSend: 0
03-29 00:43:18.352 23704-23704/com.xyf.lockers I/ControlTestActivityNew: onViewClicked: btn_open_locker: circuitBoardSend: 1 lockerSend: FE lightSend: 0 sonsorSend: 0
03-29 00:43:18.488 23704-23704/com.xyf.lockers I/ControlTestActivityNew: onViewClicked: btn_open_locker: circuitBoardSend: 1 lockerSend: FE lightSend: 0 sonsorSend: 0
03-29 00:43:18.607 23704-23704/com.xyf.lockers I/ControlTestActivityNew: onViewClicked: btn_open_locker: circuitBoardSend: 1 lockerSend: FE lightSend: 0 sonsorSend: 0
03-29 00:43:18.628 23704-24079/com.xyf.lockers I/kilin: 串口收到未拼接之前数据: 6A 
03-29 00:43:18.679 23704-24079/com.xyf.lockers I/kilin: 串口收到未拼接之前数据: 01 FE 00 FF 6A 
03-29 00:43:18.679 23704-24079/com.xyf.lockers I/kilin: 串口拼接之后的数据: 6A 01 FE 00 FF 6A 
03-29 00:43:18.680 23704-24079/com.xyf.lockers I/LockersCommHelperNew: onDataReceived: ComRevBean{bRec=[106, 1, -2, 0, -1, 106], sRecTime='12:43:18', sComPort='/dev/ttyS3', length=6}
03-29 00:43:18.744 23704-23704/com.xyf.lockers I/ControlTestActivityNew: onViewClicked: btn_open_locker: circuitBoardSend: 1 lockerSend: FE lightSend: 0 sonsorSend: 0
03-29 00:43:18.895 23704-23704/com.xyf.lockers I/ControlTestActivityNew: onViewClicked: btn_open_locker: circuitBoardSend: 1 lockerSend: FE lightSend: 0 sonsorSend: 0
03-29 00:43:19.045 23704-23704/com.xyf.lockers I/ControlTestActivityNew: onViewClicked: btn_open_locker: circuitBoardSend: 1 lockerSend: FE lightSend: 0 sonsorSend: 0
03-29 00:43:19.197 23704-24079/com.xyf.lockers I/kilin: 串口收到未拼接之前数据: 6A 
03-29 00:43:19.202 23704-23704/com.xyf.lockers I/ControlTestActivityNew: onViewClicked: btn_open_locker: circuitBoardSend: 1 lockerSend: FE lightSend: 0 sonsorSend: 0
03-29 00:43:19.248 23704-24079/com.xyf.lockers I/kilin: 串口收到未拼接之前数据: 01 FE 00 FF 6A 
03-29 00:43:19.248 23704-24079/com.xyf.lockers I/kilin: 串口拼接之后的数据: 6A 01 FE 00 FF 6A 
03-29 00:43:19.248 23704-24079/com.xyf.lockers I/LockersCommHelperNew: onDataReceived: ComRevBean{bRec=[106, 1, -2, 0, -1, 106], sRecTime='12:43:19', sComPort='/dev/ttyS3', length=6}
03-29 00:43:19.339 23704-23704/com.xyf.lockers I/ControlTestActivityNew: onViewClicked: btn_open_locker: circuitBoardSend: 1 lockerSend: FE lightSend: 0 sonsorSend: 0
03-29 00:43:19.480 23704-23704/com.xyf.lockers I/ControlTestActivityNew: onViewClicked: btn_open_locker: circuitBoardSend: 1 lockerSend: FE lightSend: 0 sonsorSend: 0
03-29 00:43:19.628 23704-23704/com.xyf.lockers I/ControlTestActivityNew: onViewClicked: btn_open_locker: circuitBoardSend: 1 lockerSend: FE lightSend: 0 sonsorSend: 0
03-29 00:43:19.764 23704-23704/com.xyf.lockers I/ControlTestActivityNew: onViewClicked: btn_open_locker: circuitBoardSend: 1 lockerSend: FE lightSend: 0 sonsorSend: 0
03-29 00:43:19.767 23704-24079/com.xyf.lockers I/kilin: 串口收到未拼接之前数据: 6A 
03-29 00:43:19.817 23704-24079/com.xyf.lockers I/kilin: 串口收到未拼接之前数据: 01 FE 00 FF 6A 
03-29 00:43:19.818 23704-24079/com.xyf.lockers I/kilin: 串口拼接之后的数据: 6A 01 FE 00 FF 6A 
03-29 00:43:19.818 23704-24079/com.xyf.lockers I/LockersCommHelperNew: onDataReceived: ComRevBean{bRec=[106, 1, -2, 0, -1, 106], sRecTime='12:43:19', sComPort='/dev/ttyS3', length=6}
03-29 00:43:19.919 23704-23704/com.xyf.lockers I/ControlTestActivityNew: onViewClicked: btn_open_locker: circuitBoardSend: 1 lockerSend: FE lightSend: 0 sonsorSend: 0
03-29 00:43:20.052 23704-23704/com.xyf.lockers I/ControlTestActivityNew: onViewClicked: btn_open_locker: circuitBoardSend: 1 lockerSend: FE lightSend: 0 sonsorSend: 0
03-29 00:43:20.178 23704-23704/com.xyf.lockers I/ControlTestActivityNew: onViewClicked: btn_open_locker: circuitBoardSend: 1 lockerSend: FE lightSend: 0 sonsorSend: 0
03-29 00:43:20.332 23704-23704/com.xyf.lockers I/ControlTestActivityNew: onViewClicked: btn_open_locker: circuitBoardSend: 1 lockerSend: FE lightSend: 0 sonsorSend: 0
03-29 00:43:20.336 23704-24079/com.xyf.lockers I/kilin: 串口收到未拼接之前数据: 6A 
03-29 00:43:20.386 23704-24079/com.xyf.lockers I/kilin: 串口收到未拼接之前数据: 01 FE 00 FF 6A 
03-29 00:43:20.387 23704-24079/com.xyf.lockers I/kilin: 串口拼接之后的数据: 6A 01 FE 00 FF 6A 
03-29 00:43:20.387 23704-24079/com.xyf.lockers I/LockersCommHelperNew: onDataReceived: ComRevBean{bRec=[106, 1, -2, 0, -1, 106], sRecTime='12:43:20', sComPort='/dev/ttyS3', length=6}
03-29 00:43:20.502 23704-23704/com.xyf.lockers I/ControlTestActivityNew: onViewClicked: btn_open_locker: circuitBoardSend: 1 lockerSend: FE lightSend: 0 sonsorSend: 0
03-29 00:43:20.650 23704-23704/com.xyf.lockers I/ControlTestActivityNew: onViewClicked: btn_open_locker: circuitBoardSend: 1 lockerSend: FE lightSend: 0 sonsorSend: 0
03-29 00:43:20.815 23704-23704/com.xyf.lockers I/ControlTestActivityNew: onViewClicked: btn_open_locker: circuitBoardSend: 1 lockerSend: FE lightSend: 0 sonsorSend: 0
03-29 00:43:20.904 23704-24079/com.xyf.lockers I/kilin: 串口收到未拼接之前数据: 6A 
03-29 00:43:20.955 23704-24079/com.xyf.lockers I/kilin: 串口收到未拼接之前数据: 01 FE 00 FF 6A 
03-29 00:43:20.955 23704-24079/com.xyf.lockers I/kilin: 串口拼接之后的数据: 6A 01 FE 00 FF 6A 
03-29 00:43:20.955 23704-24079/com.xyf.lockers I/LockersCommHelperNew: onDataReceived: ComRevBean{bRec=[106, 1, -2, 0, -1, 106], sRecTime='12:43:20', sComPort='/dev/ttyS3', length=6}
03-29 00:43:20.974 23704-23704/com.xyf.lockers I/ControlTestActivityNew: onViewClicked: btn_open_locker: circuitBoardSend: 1 lockerSend: FE lightSend: 0 sonsorSend: 0
03-29 00:43:21.144 23704-23704/com.xyf.lockers I/ControlTestActivityNew: onViewClicked: btn_open_locker: circuitBoardSend: 1 lockerSend: FE lightSend: 0 sonsorSend: 0
03-29 00:43:21.319 23704-23704/com.xyf.lockers I/ControlTestActivityNew: onViewClicked: btn_open_locker: circuitBoardSend: 1 lockerSend: FE lightSend: 0 sonsorSend: 0
03-29 00:43:21.472 23704-23704/com.xyf.lockers I/ControlTestActivityNew: onViewClicked: btn_open_locker: circuitBoardSend: 1 lockerSend: FE lightSend: 0 sonsorSend: 0
03-29 00:43:21.473 23704-24079/com.xyf.lockers I/kilin: 串口收到未拼接之前数据: 6A 
03-29 00:43:21.524 23704-24079/com.xyf.lockers I/kilin: 串口收到未拼接之前数据: 01 FE 00 FF 6A 
03-29 00:43:21.524 23704-24079/com.xyf.lockers I/kilin: 串口拼接之后的数据: 6A 01 FE 00 FF 6A 
03-29 00:43:21.525 23704-24079/com.xyf.lockers I/LockersCommHelperNew: onDataReceived: ComRevBean{bRec=[106, 1, -2, 0, -1, 106], sRecTime='12:43:21', sComPort='/dev/ttyS3', length=6}
03-29 00:43:21.690 23704-23704/com.xyf.lockers I/ControlTestActivityNew: onViewClicked: btn_open_locker: circuitBoardSend: 1 lockerSend: FE lightSend: 0 sonsorSend: 0
03-29 00:43:21.847 23704-23704/com.xyf.lockers I/ControlTestActivityNew: onViewClicked: btn_open_locker: circuitBoardSend: 1 lockerSend: FE lightSend: 0 sonsorSend: 0
03-29 00:43:22.042 23704-24079/com.xyf.lockers I/kilin: 串口收到未拼接之前数据: 6A 
03-29 00:43:22.074 23704-23704/com.xyf.lockers I/ControlTestActivityNew: onViewClicked: btn_open_locker: circuitBoardSend: 1 lockerSend: FE lightSend: 0 sonsorSend: 0
03-29 00:43:22.093 23704-24079/com.xyf.lockers I/kilin: 串口收到未拼接之前数据: 01 FE 00 FF 6A 
03-29 00:43:22.093 23704-24079/com.xyf.lockers I/kilin: 串口拼接之后的数据: 6A 01 FE 00 FF 6A 
03-29 00:43:22.093 23704-24079/com.xyf.lockers I/LockersCommHelperNew: onDataReceived: ComRevBean{bRec=[106, 1, -2, 0, -1, 106], sRecTime='12:43:22', sComPort='/dev/ttyS3', length=6}
03-29 00:43:22.258 23704-23704/com.xyf.lockers I/ControlTestActivityNew: onViewClicked: btn_open_locker: circuitBoardSend: 1 lockerSend: FE lightSend: 0 sonsorSend: 0
03-29 00:43:22.420 23704-23704/com.xyf.lockers I/ControlTestActivityNew: onViewClicked: btn_open_locker: circuitBoardSend: 1 lockerSend: FE lightSend: 0 sonsorSend: 0
03-29 00:43:22.611 23704-24079/com.xyf.lockers I/kilin: 串口收到未拼接之前数据: 6A 
03-29 00:43:22.662 23704-24079/com.xyf.lockers I/kilin: 串口收到未拼接之前数据: 01 FE 00 FF 6A 
03-29 00:43:22.662 23704-24079/com.xyf.lockers I/kilin: 串口拼接之后的数据: 6A 01 FE 00 FF 6A 
03-29 00:43:22.662 23704-24079/com.xyf.lockers I/LockersCommHelperNew: onDataReceived: ComRevBean{bRec=[106, 1, -2, 0, -1, 106], sRecTime='12:43:22', sComPort='/dev/ttyS3', length=6}
03-29 00:43:22.769 23704-23704/com.xyf.lockers I/ControlTestActivityNew: onViewClicked: btn_open_locker: circuitBoardSend: 1 lockerSend: FE lightSend: 0 sonsorSend: 0
03-29 00:43:22.938 23704-23704/com.xyf.lockers I/ControlTestActivityNew: onViewClicked: btn_open_locker: circuitBoardSend: 1 lockerSend: FE lightSend: 0 sonsorSend: 0
03-29 00:43:23.137 23704-23704/com.xyf.lockers I/ControlTestActivityNew: onViewClicked: btn_open_locker: circuitBoardSend: 1 lockerSend: FE lightSend: 0 sonsorSend: 0
03-29 00:43:23.180 23704-24079/com.xyf.lockers I/kilin: 串口收到未拼接之前数据: 6A 
03-29 00:43:23.231 23704-24079/com.xyf.lockers I/kilin: 串口收到未拼接之前数据: 01 FE 00 FF 6A 
03-29 00:43:23.231 23704-24079/com.xyf.lockers I/kilin: 串口拼接之后的数据: 6A 01 FE 00 FF 6A 
03-29 00:43:23.232 23704-24079/com.xyf.lockers I/LockersCommHelperNew: onDataReceived: ComRevBean{bRec=[106, 1, -2, 0, -1, 106], sRecTime='12:43:23', sComPort='/dev/ttyS3', length=6}
03-29 00:43:23.494 23704-24079/com.xyf.lockers I/kilin: 串口收到未拼接之前数据: 6A 
03-29 00:43:23.545 23704-24079/com.xyf.lockers I/kilin: 串口收到未拼接之前数据: 01 FE 00 FF 6A 
03-29 00:43:23.545 23704-24079/com.xyf.lockers I/kilin: 串口拼接之后的数据: 6A 01 FE 00 FF 6A 
03-29 00:43:23.546 23704-24079/com.xyf.lockers I/LockersCommHelperNew: onDataReceived: ComRevBean{bRec=[106, 1, -2, 0, -1, 106], sRecTime='12:43:23', sComPort='/dev/ttyS3', length=6}
03-29 00:43:23.561 23704-23704/com.xyf.lockers I/ControlTestActivityNew: onViewClicked: btn_open_locker: circuitBoardSend: 1 lockerSend: FE lightSend: 0 sonsorSend: 0
03-29 00:43:24.063 23704-24079/com.xyf.lockers I/kilin: 串口收到未拼接之前数据: 6A 
03-29 00:43:24.114 23704-24079/com.xyf.lockers I/kilin: 串口收到未拼接之前数据: 01 FE 00 FF 6A 
03-29 00:43:24.114 23704-24079/com.xyf.lockers I/kilin: 串口拼接之后的数据: 6A 01 FE 00 FF 6A 
03-29 00:43:24.114 23704-24079/com.xyf.lockers I/LockersCommHelperNew: onDataReceived: ComRevBean{bRec=[106, 1, -2, 0, -1, 106], sRecTime='12:43:24', sComPort='/dev/ttyS3', length=6}
03-29 00:43:24.378 23704-24079/com.xyf.lockers I/kilin: 串口收到未拼接之前数据: 6A 
03-29 00:43:24.429 23704-24079/com.xyf.lockers I/kilin: 串口收到未拼接之前数据: 01 FE 00 FF 6A 
03-29 00:43:24.432 23704-24079/com.xyf.lockers I/kilin: 串口拼接之后的数据: 6A 01 FE 00 FF 6A 
03-29 00:43:24.432 23704-24079/com.xyf.lockers I/LockersCommHelperNew: onDataReceived: ComRevBean{bRec=[106, 1, -2, 0, -1, 106], sRecTime='12:43:24', sComPort='/dev/ttyS3', length=6}
03-29 00:43:24.950 23704-24079/com.xyf.lockers I/kilin: 串口收到未拼接之前数据: 6A 
03-29 00:43:25.002 23704-24079/com.xyf.lockers I/kilin: 串口收到未拼接之前数据: 01 FE 00 FF 6A 
03-29 00:43:25.004 23704-24079/com.xyf.lockers I/kilin: 串口拼接之后的数据: 6A 01 FE 00 FF 6A 
03-29 00:43:25.004 23704-24079/com.xyf.lockers I/LockersCommHelperNew: onDataReceived: ComRevBean{bRec=[106, 1, -2, 0, -1, 106], sRecTime='12:43:25', sComPort='/dev/ttyS3', length=6}
03-29 00:43:25.523 23704-24079/com.xyf.lockers I/kilin: 串口收到未拼接之前数据: 6A 
03-29 00:43:25.574 23704-24079/com.xyf.lockers I/kilin: 串口收到未拼接之前数据: 01 FE 00 FF 6A 
03-29 00:43:25.575 23704-24079/com.xyf.lockers I/kilin: 串口拼接之后的数据: 6A 01 FE 00 FF 6A 
03-29 00:43:25.575 23704-24079/com.xyf.lockers I/LockersCommHelperNew: onDataReceived: ComRevBean{bRec=[106, 1, -2, 0, -1, 106], sRecTime='12:43:25', sComPort='/dev/ttyS3', length=6}
03-29 00:43:26.094 23704-24079/com.xyf.lockers I/kilin: 串口收到未拼接之前数据: 6A 
03-29 00:43:26.146 23704-24079/com.xyf.lockers I/kilin: 串口收到未拼接之前数据: 01 FE 00 FF 6A 
03-29 00:43:26.153 23704-24079/com.xyf.lockers I/kilin: 串口拼接之后的数据: 6A 01 FE 00 FF 6A 
03-29 00:43:26.154 23704-24079/com.xyf.lockers I/LockersCommHelperNew: onDataReceived: ComRevBean{bRec=[106, 1, -2, 0, -1, 106], sRecTime='12:43:26', sComPort='/dev/ttyS3', length=6}
03-29 00:43:26.672 23704-24079/com.xyf.lockers I/kilin: 串口收到未拼接之前数据: 6A 
03-29 00:43:26.723 23704-24079/com.xyf.lockers I/kilin: 串口收到未拼接之前数据: 01 FE 00 FF 6A 
03-29 00:43:26.724 23704-24079/com.xyf.lockers I/kilin: 串口拼接之后的数据: 6A 01 FE 00 FF 6A 
03-29 00:43:26.724 23704-24079/com.xyf.lockers I/LockersCommHelperNew: onDataReceived: ComRevBean{bRec=[106, 1, -2, 0, -1, 106], sRecTime='12:43:26', sComPort='/dev/ttyS3', length=6}
03-29 00:43:27.242 23704-24079/com.xyf.lockers I/kilin: 串口收到未拼接之前数据: 6A 
03-29 00:43:27.295 23704-24079/com.xyf.lockers I/kilin: 串口收到未拼接之前数据: 01 FE 00 FF 6A 
03-29 00:43:27.302 23704-24079/com.xyf.lockers I/kilin: 串口拼接之后的数据: 6A 01 FE 00 FF 6A 
03-29 00:43:27.303 23704-24079/com.xyf.lockers I/LockersCommHelperNew: onDataReceived: ComRevBean{bRec=[106, 1, -2, 0, -1, 106], sRecTime='12:43:27', sComPort='/dev/ttyS3', length=6}
03-29 00:43:27.822 23704-24079/com.xyf.lockers I/kilin: 串口收到未拼接之前数据: 6A 
03-29 00:43:27.873 23704-24079/com.xyf.lockers I/kilin: 串口收到未拼接之前数据: 01 FE 00 FF 6A 
03-29 00:43:27.876 23704-24079/com.xyf.lockers I/kilin: 串口拼接之后的数据: 6A 01 FE 00 FF 6A 
03-29 00:43:27.876 23704-24079/com.xyf.lockers I/LockersCommHelperNew: onDataReceived: ComRevBean{bRec=[106, 1, -2, 0, -1, 106], sRecTime='12:43:27', sComPort='/dev/ttyS3', length=6}
03-29 00:43:28.139 23704-24079/com.xyf.lockers I/kilin: 串口收到未拼接之前数据: 6A 
03-29 00:43:28.190 23704-24079/com.xyf.lockers I/kilin: 串口收到未拼接之前数据: 01 FE 00 FF 6A 
03-29 00:43:28.192 23704-24079/com.xyf.lockers I/kilin: 串口拼接之后的数据: 6A 01 FE 00 FF 6A 
03-29 00:43:28.193 23704-24079/com.xyf.lockers I/LockersCommHelperNew: onDataReceived: ComRevBean{bRec=[106, 1, -2, 0, -1, 106], sRecTime='12:43:28', sComPort='/dev/ttyS3', length=6}
03-29 00:43:28.711 23704-24079/com.xyf.lockers I/kilin: 串口收到未拼接之前数据: 6A 
03-29 00:43:28.763 23704-24079/com.xyf.lockers I/kilin: 串口收到未拼接之前数据: 01 FE 00 FF 6A 
03-29 00:43:28.766 23704-24079/com.xyf.lockers I/kilin: 串口拼接之后的数据: 6A 01 FE 00 FF 6A 
03-29 00:43:28.767 23704-24079/com.xyf.lockers I/LockersCommHelperNew: onDataReceived: ComRevBean{bRec=[106, 1, -2, 0, -1, 106], sRecTime='12:43:28', sComPort='/dev/ttyS3', length=6}
03-29 00:43:29.286 23704-24079/com.xyf.lockers I/kilin: 串口收到未拼接之前数据: 6A 
03-29 00:43:29.337 23704-24079/com.xyf.lockers I/kilin: 串口收到未拼接之前数据: 01 FE 00 FF 6A 
03-29 00:43:29.340 23704-24079/com.xyf.lockers I/kilin: 串口拼接之后的数据: 6A 01 FE 00 FF 6A 
03-29 00:43:29.340 23704-24079/com.xyf.lockers I/LockersCommHelperNew: onDataReceived: ComRevBean{bRec=[106, 1, -2, 0, -1, 106], sRecTime='12:43:29', sComPort='/dev/ttyS3', length=6}
03-29 00:43:29.858 23704-24079/com.xyf.lockers I/kilin: 串口收到未拼接之前数据: 6A 
03-29 00:43:29.909 23704-24079/com.xyf.lockers I/kilin: 串口收到未拼接之前数据: 01 FE 00 FF 6A 
03-29 00:43:29.911 23704-24079/com.xyf.lockers I/kilin: 串口拼接之后的数据: 6A 01 FE 00 FF 6A 
03-29 00:43:29.911 23704-24079/com.xyf.lockers I/LockersCommHelperNew: onDataReceived: ComRevBean{bRec=[106, 1, -2, 0, -1, 106], sRecTime='12:43:29', sComPort='/dev/ttyS3', length=6}
03-29 00:43:30.429 23704-24079/com.xyf.lockers I/kilin: 串口收到未拼接之前数据: 6A 
03-29 00:43:30.480 23704-24079/com.xyf.lockers I/kilin: 串口收到未拼接之前数据: 01 FE 00 FF 6A 
03-29 00:43:30.482 23704-24079/com.xyf.lockers I/kilin: 串口拼接之后的数据: 6A 01 FE 00 FF 6A 
03-29 00:43:30.482 23704-24079/com.xyf.lockers I/LockersCommHelperNew: onDataReceived: ComRevBean{bRec=[106, 1, -2, 0, -1, 106], sRecTime='12:43:30', sComPort='/dev/ttyS3', length=6}
03-29 00:43:31.000 23704-24079/com.xyf.lockers I/kilin: 串口收到未拼接之前数据: 6A 
03-29 00:43:31.051 23704-24079/com.xyf.lockers I/kilin: 串口收到未拼接之前数据: 01 FE 00 FF 6A 
03-29 00:43:31.054 23704-24079/com.xyf.lockers I/kilin: 串口拼接之后的数据: 6A 01 FE 00 FF 6A 
03-29 00:43:31.054 23704-24079/com.xyf.lockers I/LockersCommHelperNew: onDataReceived: ComRevBean{bRec=[106, 1, -2, 0, -1, 106], sRecTime='12:43:31', sComPort='/dev/ttyS3', length=6}
03-29 00:43:31.572 23704-24079/com.xyf.lockers I/kilin: 串口收到未拼接之前数据: 6A 
03-29 00:43:31.622 23704-24079/com.xyf.lockers I/kilin: 串口收到未拼接之前数据: 01 FE 00 FF 6A 
03-29 00:43:31.623 23704-24079/com.xyf.lockers I/kilin: 串口拼接之后的数据: 6A 01 FE 00 FF 6A 
03-29 00:43:31.623 23704-24079/com.xyf.lockers I/LockersCommHelperNew: onDataReceived: ComRevBean{bRec=[106, 1, -2, 0, -1, 106], sRecTime='12:43:31', sComPort='/dev/ttyS3', length=6}
03-29 00:43:32.142 23704-24079/com.xyf.lockers I/kilin: 串口收到未拼接之前数据: 6A 
03-29 00:43:32.193 23704-24079/com.xyf.lockers I/kilin: 串口收到未拼接之前数据: 01 FE 00 FF 6A 
03-29 00:43:32.194 23704-24079/com.xyf.lockers I/kilin: 串口拼接之后的数据: 6A 01 FE 00 FF 6A 
03-29 00:43:32.194 23704-24079/com.xyf.lockers I/LockersCommHelperNew: onDataReceived: ComRevBean{bRec=[106, 1, -2, 0, -1, 106], sRecTime='12:43:32', sComPort='/dev/ttyS3', length=6}
03-29 00:43:32.712 23704-24079/com.xyf.lockers I/kilin: 串口收到未拼接之前数据: 6A 
03-29 00:43:32.763 23704-24079/com.xyf.lockers I/kilin: 串口收到未拼接之前数据: 01 FE 00 FF 6A 
03-29 00:43:32.765 23704-24079/com.xyf.lockers I/kilin: 串口拼接之后的数据: 6A 01 FE 00 FF 6A 
03-29 00:43:32.765 23704-24079/com.xyf.lockers I/LockersCommHelperNew: onDataReceived: ComRevBean{bRec=[106, 1, -2, 0, -1, 106], sRecTime='12:43:32', sComPort='/dev/ttyS3', length=6}
03-29 00:43:33.284 23704-24079/com.xyf.lockers I/kilin: 串口收到未拼接之前数据: 6A 
03-29 00:43:33.335 23704-24079/com.xyf.lockers I/kilin: 串口收到未拼接之前数据: 01 FE 00 FF 6A 
03-29 00:43:33.337 23704-24079/com.xyf.lockers I/kilin: 串口拼接之后的数据: 6A 01 FE 00 FF 6A 
03-29 00:43:33.338 23704-24079/com.xyf.lockers I/LockersCommHelperNew: onDataReceived: ComRevBean{bRec=[106, 1, -2, 0, -1, 106], sRecTime='12:43:33', sComPort='/dev/ttyS3', length=6}
03-29 00:43:33.856 23704-24079/com.xyf.lockers I/kilin: 串口收到未拼接之前数据: 6A 
03-29 00:43:33.909 23704-24079/com.xyf.lockers I/kilin: 串口收到未拼接之前数据: 01 FE 00 FF 6A 
03-29 00:43:33.913 23704-24079/com.xyf.lockers I/kilin: 串口拼接之后的数据: 6A 01 FE 00 FF 6A 
03-29 00:43:33.914 23704-24079/com.xyf.lockers I/LockersCommHelperNew: onDataReceived: ComRevBean{bRec=[106, 1, -2, 0, -1, 106], sRecTime='12:43:33', sComPort='/dev/ttyS3', length=6}
03-29 00:43:34.433 23704-24079/com.xyf.lockers I/kilin: 串口收到未拼接之前数据: 6A 
03-29 00:43:34.485 23704-24079/com.xyf.lockers I/kilin: 串口收到未拼接之前数据: 01 FE 00 FF 6A 
03-29 00:43:34.488 23704-24079/com.xyf.lockers I/kilin: 串口拼接之后的数据: 6A 01 FE 00 FF 6A 
03-29 00:43:34.488 23704-24079/com.xyf.lockers I/LockersCommHelperNew: onDataReceived: ComRevBean{bRec=[106, 1, -2, 0, -1, 106], sRecTime='12:43:34', sComPort='/dev/ttyS3', length=6}
03-29 00:43:35.006 23704-24079/com.xyf.lockers I/kilin: 串口收到未拼接之前数据: 6A 
03-29 00:43:35.059 23704-24079/com.xyf.lockers I/kilin: 串口收到未拼接之前数据: 01 FE 00 FF 6A 
03-29 00:43:35.063 23704-24079/com.xyf.lockers I/kilin: 串口拼接之后的数据: 6A 01 FE 00 FF 6A 
03-29 00:43:35.063 23704-24079/com.xyf.lockers I/LockersCommHelperNew: onDataReceived: ComRevBean{bRec=[106, 1, -2, 0, -1, 106], sRecTime='12:43:35', sComPort='/dev/ttyS3', length=6}
03-29 00:43:35.583 23704-24079/com.xyf.lockers I/kilin: 串口收到未拼接之前数据: 6A 
03-29 00:43:35.633 23704-24079/com.xyf.lockers I/kilin: 串口收到未拼接之前数据: 01 FE 00 FF 6A 
03-29 00:43:35.634 23704-24079/com.xyf.lockers I/kilin: 串口拼接之后的数据: 6A 01 FE 00 FF 6A 
03-29 00:43:35.635 23704-24079/com.xyf.lockers I/LockersCommHelperNew: onDataReceived: ComRevBean{bRec=[106, 1, -2, 0, -1, 106], sRecTime='12:43:35', sComPort='/dev/ttyS3', length=6}
03-29 00:43:36.154 23704-24079/com.xyf.lockers I/kilin: 串口收到未拼接之前数据: 6A 
03-29 00:43:36.207 23704-24079/com.xyf.lockers I/kilin: 串口收到未拼接之前数据: 01 FE 00 FF 6A 
03-29 00:43:36.212 23704-24079/com.xyf.lockers I/kilin: 串口拼接之后的数据: 6A 01 FE 00 FF 6A 
03-29 00:43:36.213 23704-24079/com.xyf.lockers I/LockersCommHelperNew: onDataReceived: ComRevBean{bRec=[106, 1, -2, 0, -1, 106], sRecTime='12:43:36', sComPort='/dev/ttyS3', length=6}
03-29 00:43:36.731 23704-24079/com.xyf.lockers I/kilin: 串口收到未拼接之前数据: 6A 
03-29 00:43:36.781 23704-24079/com.xyf.lockers I/kilin: 串口收到未拼接之前数据: 01 FE 00 FF 6A 
03-29 00:43:36.782 23704-24079/com.xyf.lockers I/kilin: 串口拼接之后的数据: 6A 01 FE 00 FF 6A 
03-29 00:43:36.782 23704-24079/com.xyf.lockers I/LockersCommHelperNew: onDataReceived: ComRevBean{bRec=[106, 1, -2, 0, -1, 106], sRecTime='12:43:36', sComPort='/dev/ttyS3', length=6}
03-29 00:43:37.300 23704-24079/com.xyf.lockers I/kilin: 串口收到未拼接之前数据: 6A 
03-29 00:43:37.350 23704-24079/com.xyf.lockers I/kilin: 串口收到未拼接之前数据: 01 FE 00 FF 6A 
03-29 00:43:37.351 23704-24079/com.xyf.lockers I/kilin: 串口拼接之后的数据: 6A 01 FE 00 FF 6A 
03-29 00:43:37.351 23704-24079/com.xyf.lockers I/LockersCommHelperNew: onDataReceived: ComRevBean{bRec=[106, 1, -2, 0, -1, 106], sRecTime='12:43:37', sComPort='/dev/ttyS3', length=6}
03-29 00:43:37.869 23704-24079/com.xyf.lockers I/kilin: 串口收到未拼接之前数据: 6A 
03-29 00:43:37.919 23704-24079/com.xyf.lockers I/kilin: 串口收到未拼接之前数据: 01 FE 00 FF 6A 
03-29 00:43:37.920 23704-24079/com.xyf.lockers I/kilin: 串口拼接之后的数据: 6A 01 FE 00 FF 6A 
03-29 00:43:37.920 23704-24079/com.xyf.lockers I/LockersCommHelperNew: onDataReceived: ComRevBean{bRec=[106, 1, -2, 0, -1, 106], sRecTime='12:43:37', sComPort='/dev/ttyS3', length=6}
03-29 00:43:38.438 23704-24079/com.xyf.lockers I/kilin: 串口收到未拼接之前数据: 6A 
03-29 00:43:38.490 23704-24079/com.xyf.lockers I/kilin: 串口收到未拼接之前数据: 01 FE 00 FF 6A 
03-29 00:43:38.494 23704-24079/com.xyf.lockers I/kilin: 串口拼接之后的数据: 6A 01 FE 00 FF 6A 
03-29 00:43:38.495 23704-24079/com.xyf.lockers I/LockersCommHelperNew: onDataReceived: ComRevBean{bRec=[106, 1, -2, 0, -1, 106], sRecTime='12:43:38', sComPort='/dev/ttyS3', length=6}
03-29 00:43:39.013 23704-24079/com.xyf.lockers I/kilin: 串口收到未拼接之前数据: 6A 
03-29 00:43:39.064 23704-24079/com.xyf.lockers I/kilin: 串口收到未拼接之前数据: 01 FE 00 FF 6A 
03-29 00:43:39.067 23704-24079/com.xyf.lockers I/kilin: 串口拼接之后的数据: 6A 01 FE 00 FF 6A 
03-29 00:43:39.067 23704-24079/com.xyf.lockers I/LockersCommHelperNew: onDataReceived: ComRevBean{bRec=[106, 1, -2, 0, -1, 106], sRecTime='12:43:39', sComPort='/dev/ttyS3', length=6}
03-29 00:43:39.586 23704-24079/com.xyf.lockers I/kilin: 串口收到未拼接之前数据: 6A 
03-29 00:43:39.638 23704-24079/com.xyf.lockers I/kilin: 串口收到未拼接之前数据: 01 FE 00 FF 6A 
03-29 00:43:39.641 23704-24079/com.xyf.lockers I/kilin: 串口拼接之后的数据: 6A 01 FE 00 FF 6A 
03-29 00:43:39.642 23704-24079/com.xyf.lockers I/LockersCommHelperNew: onDataReceived: ComRevBean{bRec=[106, 1, -2, 0, -1, 106], sRecTime='12:43:39', sComPort='/dev/ttyS3', length=6}
03-29 00:43:40.160 23704-24079/com.xyf.lockers I/kilin: 串口收到未拼接之前数据: 6A 
03-29 00:43:40.212 23704-24079/com.xyf.lockers I/kilin: 串口收到未拼接之前数据: 01 FE 00 FF 6A 
03-29 00:43:40.214 23704-24079/com.xyf.lockers I/kilin: 串口拼接之后的数据: 6A 01 FE 00 FF 6A 
03-29 00:43:40.214 23704-24079/com.xyf.lockers I/LockersCommHelperNew: onDataReceived: ComRevBean{bRec=[106, 1, -2, 0, -1, 106], sRecTime='12:43:40', sComPort='/dev/ttyS3', length=6}
03-29 00:43:40.732 23704-24079/com.xyf.lockers I/kilin: 串口收到未拼接之前数据: 6A 
03-29 00:43:40.783 23704-24079/com.xyf.lockers I/kilin: 串口收到未拼接之前数据: 01 FE 00 FF 6A 
03-29 00:43:40.785 23704-24079/com.xyf.lockers I/kilin: 串口拼接之后的数据: 6A 01 FE 00 FF 6A 
03-29 00:43:40.785 23704-24079/com.xyf.lockers I/LockersCommHelperNew: onDataReceived: ComRevBean{bRec=[106, 1, -2, 0, -1, 106], sRecTime='12:43:40', sComPort='/dev/ttyS3', length=6}
03-29 00:43:41.304 23704-24079/com.xyf.lockers I/kilin: 串口收到未拼接之前数据: 6A 
03-29 00:43:41.355 23704-24079/com.xyf.lockers I/kilin: 串口收到未拼接之前数据: 01 FE 00 FF 6A 
03-29 00:43:41.357 23704-24079/com.xyf.lockers I/kilin: 串口拼接之后的数据: 6A 01 FE 00 FF 6A 
03-29 00:43:41.358 23704-24079/com.xyf.lockers I/LockersCommHelperNew: onDataReceived: ComRevBean{bRec=[106, 1, -2, 0, -1, 106], sRecTime='12:43:41', sComPort='/dev/ttyS3', length=6}
